Subject: this is a subject

This is an invalid header

Body text
