Subject: this is a subject
AnotherHeader: is this an header or the first part of the body?

Body text
