Subject :The obsolete syntax allow spaces before the colon
       
 and also empty lines in folding.
Date    :     Malformed Date.
HeaderWithWSP 	  	:		value.

body
