Content-Type: image/jpeg; name="bluedot.jpg"
Content-Disposition: inline; filename="bluedot.jpg"
Content-Transfer-Encoding: base64
Content-Id: my-graphic

/9j/4AAQSkZJRgABAQAAAQABAAD/2wBDAAgGBgcGBQgHBwcJCQgKDBQNDAsLDBkSEw8UHRofHh0a
HBwgJC4nICIsIxwcKDcpLDAxNDQ0Hyc5PTgyPC4zNDL/2wBDAQkJCQwLDBgNDRgyIRwhMjIyMjIy
MjIyMjIyMjIyMjIyMjIyMjIyMjIyMjIyMjIyMjIyMjIyMjIyMjIyMjIyMjL/wAARCAEAAQADASIA
AhEBAxEB/8QAHwAAAQUBAQEBAQEAAAAAAAAAAAECAwQFBgcICQoL/8QAtRAAAgEDAwIEAwUFBAQA
AAF9AQIDAAQRBRIhMUEGE1FhByJxFDKBkaEII0KxwRVS0fAkM2JyggkKFhcYGRolJicoKSo0NTY3
ODk6Q0RFRkdISUpTVFVWV1hZWmNkZWZnaGlqc3R1dnd4eXqDhIWGh4iJipKTlJWWl5iZmqKjpKWm
p6ipqrKztLW2t7i5usLDxMXGx8jJytLT1NXW19jZ2uHi4+Tl5ufo6erx8vP09fb3+Pn6/8QAHwEA
AwEBAQEBAQEBAQAAAAAAAAECAwQFBgcICQoL/8QAtREAAgECBAQDBAcFBAQAAQJ3AAECAxEEBSEx
BhJBUQdhcRMiMoEIFEKRobHBCSMzUvAVYnLRChYkNOEl8RcYGRomJygpKjU2Nzg5OkNERUZHSElK
U1RVVldYWVpjZGVmZ2hpanN0dXZ3eHl6goOEhYaHiImKkpOUlZaXmJmaoqOkpaanqKmqsrO0tba3
uLm6wsPExcbHyMnK0tPU1dbX2Nna4uPk5ebn6Onq8vP09fb3+Pn6/9oADAMBAAIRAxEAPwD3+iii
gAooooAKKKKACiiigAooooAKKKKACiiigAooooAKKKKACiiigAooooAKKKKACiiigAooooAKKKKA
CiiigAooooAKKKKACiiigAooooAKKKKACiiigAooooAKKKKACiiigAooooAKKKKACiiigAooooAK
KKKACiiigAooooAKKKKACiiigAooooAKKKKACiiigAooooAKKKKACiiigAooooAKKKKACiiigAoo
ooAKKKKACiiigAooooAKKKKACiiigAooooAKKKKACiiigAooooAKKKjnnhtbeW4uJY4YIkLySSMF
VFAySSeAAOc0ASUVw+p/E3TY1MeiW0uqzgkb8NBbjB6+ay/MCM4MauDgZIBBrk7zxV4p1KPy7jV4
rWPBVl0228kyA9QzOzsPYoUIyec4x2UcBXraxjp3eh52JzXCYd2nPXstf6+Z7JRXgc1u11E0N5e6
jeQN96C7v554nxyNyO5U4OCMjggHqKqf8I/ov/QIsP8AwGT/AArtjktXrJHmS4loJ+7B/h/wT6Ho
r56TQ9KhkWWHTrWCVCGSWGIRujDoysuCpB5BBBB6VoQ3Gp2sqzWuvazHMv3Xe/lnAzwfklLoePVT
jqMEA0pZNWXwyTKhxLhn8cWvuf6nutFeTWHjzxNp6hJxZavGAQDP/o0xJOcs6KyHHIwI14xzkHd2
2heN9G12ZLVJJLPUHztsrwBJWwCfkwSsmAMnYzbQRuweK4K2ErUdZx0/A9XDZhhsTpSld9tn9x0d
FFFcx2hRRRQAUUUUAFFFFABRRRQAUUUUAFFFFABRRRQAUUUUAFFFFABRRXF+MfGLaez6TpMinUiB
58+Ay2ikZHB4MhBBCngAhm42q+lOnKrJQgrtmVevToU3UqOyRp+JPF9h4dH2chrnUpI98NpGDzzg
F3AIjXIPLddrbQxG2vMdX1G/8RXS3GryLJHHJ5tvZqAYbZuxXgF2AH325yW2hAxWqcNvFbh/LTDS
OZJHJy0jnqzMeWY92OSe9S19LhMtp0fenrL8D4jMM7rYm8Kfuw/F+v8AkFFFFemeIFFFFABRRRQA
VHPbw3ULQ3EMc0TY3JIoZTznkGpKKTV9GNNp3R0Og+N9S0Vkt9TaXUtOyAZ2Obi2UDHAC5mHQ8nf
wxzISFHpenajaatp8N9YzrNbTDKOAR0OCCDyCCCCDgggggEV4nU2l3tzoOqHU9MEa3D4FxE3ypdK
P4XIHUfwvglfcFlbxcZlUZXnR0fb/I+my7P5Qap4nVd+vz7/AJ+p7hRWdoeuWXiDTVvbJmxnZLFI
AJIXABKOBnBGQe4IIIJBBOjXz7TTsz69NSV1sFFFFIYUUUUAFFFFABRRRQAUUUUAFFFFABRRRQAU
UVXv7630zTrm/vJPLtbWJ5pn2k7UUEscDk4APSgDA8b+In0LRxBZvt1O+3w2rDafJO0kzFTnKpx2
ILMinG7I8ujjWJdq7jklizMWZmJyWYnkkkkknkkkmrF/f3Gs6xc6teLslm/dxR4A8qBWYxocEjcA
xLHJ+ZmwdoUCGvqstwnsKfNL4n+HkfA51mP1qtyQfuR2833/AMv+CFFFFekeMFFFFABRRRQAUUUU
AFFFFABRRRQBPp2rz+HdUj1e3WWSOMEXdtD965hAb5QOhZSdy98grlQ7Gva4J4bq3iuLeWOaCVA8
ckbBldSMggjggjnNeG11Xw+13+zr/wD4R64bFtdO8lgQuSsp3yyoT6HBdc553gkfIteFm2Euvbw+
f+Z9Vw/mNn9VqP0/y/yPTKKKK8A+tCiiigAooooAKKKKACiiigAooooAKKKKACvOviXq3nz2fh2I
/Kdt9ef7isfJXp3kQvkHjycEYevRa8Q1S8fU/E2tX8m4E3klsiM27y0gJiAB9CyPJjoDI3Xknvy2
iquISey1/r5nlZ1iXh8HJx3lovn/AMC5BRRRX1p+ehRRRQAUUUUAFFFFABRRRQAUUUUAFFFFABUF
4k72zG0dY7uMrLbSN0SZCGjY8HIDBTjBHHQ9KnoqZRUouL2ZUJuElOO61PaNH1W21zR7XU7TcIbm
MOFfG5D3RgCQGU5VhnggjtV6vPvhdeYXWtKYuTDcJdxjPyJHKuNo9CZIpWIxj585JJx6DXxNam6V
SUH0Z+n4asq9GNVdUmFFFFZmwUUUUAFFFFABRRRQAUUUUAFFFFAEc88Nrby3FxLHDBEheSSRgqoo
GSSTwABzmvn7Q43h0DTY5EZJEtYlZWGCpCDII9a9l8d/8k88S/8AYKuv/RTV5TXuZJH3pv0/U+W4
nlaNOPe/4W/zCiiivoD5EKKKKACiiigAooooAKKKKACiiigAooooAKKKKANnwO6RfEK1MjKgk065
iQscbnLwMFHqdqOcdcKx7GvXa8V8P/8AI9eGv+vuX/0lnr2qvlM1jbEt97fkffZDLmwMV2b/ADv+
oUUUV5x7IUUUUAFFFFABRRRQAUUUUAFFFFAHP+O/+SeeJf8AsFXX/opq8pr3avnrQ0eHQrCGVWSW
GBIpUYYZHUBWVh2IIIIPIIIr3Mll704+n9fifLcTwvCnPs2vvt/kX6KKK+gPkQooooAKKKKACiii
gAooooAKKKKACiiigAooooAueH/+R68Nf9fcv/pLPXtVeTeAUd/H4kRWZItLnWRgMhC8sOwE9t2x
8euxsdDXrNfJ5pK+Jku1vyPv8hhy4GL73f4hRRRXnnsBRRRQAUUUUAFFFFABRRRQAUUUUAFeK6/Z
f2Z4y1qzEflxSTLewJnOUlXLNn3mE/B5HoBtr2quF+J2mtJpdlrUSZbTZSJ2GSRbSDD8dMBxE7Mc
YWNjnqD24Cv7GupPZ6feebm+F+s4SUVutV8v6scHRRRX15+dBRRRQAUUUUAFFFFABRRRQAUUUUAF
FFFABRRTJFuZmitbJFe9uZFgt1YEje3QsBztUZZiOQqse1ROahFylsi6dOVSahHd6HdfC+wJg1bW
WDAXc62sJyNrRQbgTjqD5rzKc9Qq4Hc9/VHR9KttD0e10y03GG2jCBnxuc93YgAFmOWY45JJ71er
4qtUdWo5vqz9Ow9FUKUaS6KwUUUVmbBRRRQAUUUUAFFFFABRRRQAUUUUAFRzwQ3VvLb3EUc0EqFJ
I5FDK6kYIIPBBHGKkooA8U1nSJfDuuS6XIzPCwM9nK2fmhLEbMtyzR/KrHJJBRicvgVK9Z8W+Hx4
i0N7eMql9ATPZSOxCpOFZV3YBypDMrcE4Y4wQCPJfnSWWGaGSC4hfy5oZAA8bdcHHHQgggkEEEEg
gn6jLMZ7aHs5v3l+KPhc8y76vV9rTXuS/B9v8v8AgC0UUV6h4QUUUUAFFFFABRRRQAUUUUAFFFFA
BXZ/DvQRP/xUt2issgK6cjqcxqCytMO37wEbSM/JyD+8YVzWh+H38Val9heNm0qMkajIDtBUqSIV
b+82VyByEJOVLIT7RXz+bYy/7iD9f8j63h/LrL61UXp/n/kFFFFeGfVBRRRQAUUUUAFFFFABRRRQ
AUUUUAFFFFABRRRQAVzPi3wkmvxC7tGjg1aFNscrZCSryfLkxztyThsEoSSMgsrdNRVQnKElKLs0
RVpQqwcJq6Z4QfNiuJLa5tp7W6i/1kE8ZRl5IyOzLkMAykqdpwTilr2HXfDmmeIrYRX1upmjB8i6
QATW5OMtGxBx0GR0YDDAjIrzDXvDmp+GWeW4DXemAnZexKWZFAzmdVXCYGcuPk+Uk+XkLX0eEzWF
T3auj/D/AIB8ZmGQ1KF50Pej26r/AD/rTqZtFNjkSaNJI3V43AZWU5DA9CD6U6vWPntgooopgFFF
FABRRUUlxHHLHDh5J5c+VBDG0ksmOTtRQWbA5OAcDk8VMpKKvJ2RUISnJRirtktX9C0O98TXnk2o
lgskJE9+YztUAkFYiw2u+QRxlUIO7kBG6DQfh5NdMl14k2pECGXTYnDq4xnE7Y55wCiHb8pBaRWw
PQ4IIbW3it7eKOGCJAkccahVRQMAADgADjFeFjM2veFD7/8AL/M+qy7h+zVXFf8AgP8An/l/wxDp
2nWmk6fDY2MCw20IwiAk9Tkkk8kkkkk5JJJJJNWqKK8I+r2CiiigAooooAKKKKACiiigAooooAKK
KKACiiigAooooAKKKKACiiigDlNY+H2iarcPdQefpd1I5eWawKp5pJJJZGVkLEnJfbvOAN2OK5O8
8AeJ7PJt5dN1ONV3kqXtZCf7iod6k8cEyKCTg4AyfV6K6aOLr0dIS0OLEZdhcRrVgm++z+9HiU2j
+IrWJprrwzqccK/edDDORngfJFI7nn0U46nABNVP9L/6A2uf+Ce6/wDjde8UV2RzjELdJ/L/AIJ5
suHMG3o5L5r9UeEJHfzSLHFomttI5CoraZPGCT0BZ0Cr9WIA7kCtGHwx4ruZViXw7JbFv+Wt3dwL
Evf5jG7t7DCnkjOBkj2ailLN8Q9rL5f5lQ4dwcd7v1f+SR5xYfDK7lkR9Z1lTCQGe2sITGc8ZQzM
xJXGRlVRjwQV6V2ukeH9I0GN00rTra0MgUSvHGA8u3ODI/3nPJ5Yk5JOeTWlRXBVr1KrvUdz1aGF
o4dWpRSCiiisjoCiiigAooooAKKKKACiiigAooooAKKKKACiiigAooooAKKKKACiiigAooooAKKK
KACiiigAooooAKKKKACiiigAooooAKKKKACiiigAooooAKKKKACiiigAooooAKKKKACiiigAoooo
AKKKKACiiigAooooAKKKKACiiigAooooAKKKKACiiigAooooAKKKKACiiigAooooAKKKKACiiigA
ooooAKKKKACiiigAooooAKKKKACiiigAooooAKKKKACiiigAooooAKKKKACiiigAooooA//Z
