Content-Type: multipart/mixed; boundary="t0UkRYy7tHLRMCai"
Content-Disposition: inline


--t0UkRYy7tHLRMCai
Content-Type: text/plain; charset=us-ascii
Content-Disposition: inline
Content-Transfer-Encoding: quoted-printable

Das ist ein Test=2E
--=20
sub i($){print$_[0]}*j=3D*ENV;sub w($){sleep$_[0]}sub _($){i"$p:$c> ",w+01
,$_=3D$_[0],tr;i-za-h,;a-hi-z ;,i$_,w+01,i"\n"}$|=3D1;$f=3D'HO';($c=3D$j{P=
WD})=3D~
s+$j{$f=2E"ME"}+~+;$p=2E=3D"$j{USER}\@"=2E`hostname`;chop$p;_"kl",$c=3D'~'=
,_"zu,"=2E
"-zn,*",_"#,epg,lw,gwc,mfmkcbm,cvsvwev,uiqt,kwvbmvb?",i"$p:$c> ";w+1<<07

--t0UkRYy7tHLRMCai
Content-Type: image/png
Content-Disposition: attachment; filename="dot.png"
Content-Transfer-Encoding: base64

iVBORw0KGgoAAAANSUhEUgAAAAIAAAACCAIAAAD91JpzAAAACXBIWXMAAAsTAAALEwEAmpwYAAAA
B3RJTUUH1AUbFQQ0Vbb7XQAAAB10RVh0Q29tbWVudABDcmVhdGVkIHdpdGggVGhlIEdJTVDvZCVu
AAAAFklEQVR42mP8//8/AwMDEwMDAwMDAwAkBgMB/umWrAAAAABJRU5ErkJggg==

--t0UkRYy7tHLRMCai--

