Content-Type: TEXT/PLAIN; name=109f53c446c8882f4318316ecf4480ce
Content-Transfer-Encoding: BASE64
Content-ID: <Pine.LNX.3.96.981121145143.30463I@linux2.americasnet.com>
Content-Description: 

UmV0dXJuLVBhdGg6IDxvd25lci1jYWNvbXAtbEBsaW5mLnVuYi5icj4NClJlY2VpdmVkOiBmcm9t
IGVpZmZlbC5iYXNlLmNvbS5iciBieSBtYWlsYnIxLm1haWxici5jb20uYnIgOyBUaHUsIDA1IE5v
diAxOTk4IDIyOjU4OjIzICswMDANClJlY2VpdmVkOiBmcm9tIG1hcmNvbmkuYmFzZS5jb20uYnIg
KFsyMDAuMjQwLjEwLjU1XSkgYnkgZWlmZmVsLmJhc2UuY29tLmJyDQogICAgICAgICAgKE5ldHNj
YXBlIE1haWwgU2VydmVyIHYyLjApIHdpdGggRVNNVFAgaWQgQURINDkxDQogICAgICAgICAgZm9y
IDxhY2VjaWxpYUBtYWlsYnIuY29tLmJyPjsgVGh1LCA1IE5vdiAxOTk4IDIxOjU1OjI0IC0wMjAw
DQpSZWNlaXZlZDogZnJvbSBrZXBsZXIuYmFzZS5jb20uYnIgKFsyMDAuMjQwLjEwLjEwNF0pIGJ5
IG1hcmNvbmkuYmFzZS5jb20uYnINCiAgICAgICAgICAoTmV0c2NhcGUgTWFpbCBTZXJ2ZXIgdjIu
MCkgd2l0aCBFU01UUCBpZCBBQUU2ODY7DQogICAgICAgICAgV2VkLCA0IE5vdiAxOTk4IDE0OjAw
OjEwIC0wMjAwDQpSZWNlaXZlZDogZnJvbSBjeXJpdXMubGluZi51bmIuYnIgKFsxNjQuNDEuMTIu
NF0pIGJ5IGtlcGxlci5iYXNlLmNvbS5icg0KICAgICAgICAgIChQb3N0Lk9mZmljZSBNVEEgdjMu
NSByZWxlYXNlIDIxNSBJRCMgMC0wVTEwTDJTMTAwKSB3aXRoIFNNVFANCiAgICAgICAgICBpZCBi
cjsgV2VkLCA0IE5vdiAxOTk4IDEzOjUzOjQ3IC0wMjAwDQpSZWNlaXZlZDogZnJvbSBzZW5kbWFp
bCBieSBjeXJpdXMubGluZi51bmIuYnIgd2l0aCBlc210cA0KCWlkIDB6YjVJOS0wMDAzb00tMDA7
IFdlZCwgNCBOb3YgMTk5OCAxMzo1NjoxNyAtMDIwMA0KUmVjZWl2ZWQ6IGZyb20gbG9jYWxob3N0
IChtYWpvcmRvbUBsb2NhbGhvc3QpDQoJYnkgY3lyaXVzLmxpbmYudW5iLmJyICg4LjguNy84Ljgu
Nykgd2l0aCBTTVRQIGlkIE5BQTE0NjM5Ow0KCVdlZCwgNCBOb3YgMTk5OCAxMzo1NDo1NCAtMDIw
MCAoRURUKQ0KUmVjZWl2ZWQ6IGJ5IGxpbmYudW5iLmJyIChidWxrX21haWxlciB2MS42KTsgV2Vk
LCA0IE5vdiAxOTk4IDEzOjU0OjU0IC0wMjAwDQpSZWNlaXZlZDogKGZyb20gbWFqb3Jkb21AbG9j
YWxob3N0KQ0KCWJ5IGN5cml1cy5saW5mLnVuYi5iciAoOC44LjcvOC44LjcpIGlkIE5BQTE0NjMw
DQoJZm9yIGNhY29tcC1sLW91dHRlcjsgV2VkLCA0IE5vdiAxOTk4IDEzOjU0OjUzIC0wMjAwIChF
RFQpDQpSZWNlaXZlZDogKGZyb20gc2VuZG1haWxAbG9jYWxob3N0KQ0KCWJ5IGN5cml1cy5saW5m
LnVuYi5iciAoOC44LjcvOC44LjcpIGlkIE5BQTE0NjIzDQoJZm9yIGNhY29tcC1sQGxpbmYudW5i
LmJyOyBXZWQsIDQgTm92IDE5OTggMTM6NTQ6NTAgLTAyMDAgKEVEVCkNClJlY2VpdmVkOiBmcm9t
IGJyYXNpbGlhLm1wZGZ0Lmdvdi5iciBbMjAwLjI1Mi44NS4yXSANCglieSBjeXJpdXMubGluZi51
bmIuYnIgd2l0aCBlc210cA0KCWlkIDB6YjVGei0wMDAzbEYtMDA7IFdlZCwgNCBOb3YgMTk5OCAx
Mzo1NDoyOCAtMDIwMA0KUmVjZWl2ZWQ6IGZyb20gbG9jYWxob3N0IChsYmVja2VyQGxvY2FsaG9z
dCkNCglieSBicmFzaWxpYS5tcGRmdC5nb3YuYnIgKDguOC41LzguOC44KSB3aXRoIEVTTVRQIGlk
IE5BQTAyNTcxDQoJZm9yIDxjYWNvbXAtbEBsaW5mLnVuYi5icj47IFdlZCwgNCBOb3YgMTk5OCAx
MzozNjoxNCAtMDIwMCAoRURUKQ0KCShlbnZlbG9wZS1mcm9tIGxiZWNrZXJAYnJhc2lsaWEubXBk
ZnQuZ292LmJyKQ0KRGF0ZTogV2VkLCA0IE5vdiAxOTk4IDEzOjM2OjE0IC0wMjAwIChFRFQpDQpG
cm9tOiBMdWxhIEJlY2tlciA8bGJlY2tlckBicmFzaWxpYS5tcGRmdC5nb3YuYnI+DQpUbzogY2Fj
b21wLWxAbGluZi51bmIuYnINClN1YmplY3Q6IFtjYWNvbXAtbF0gPT8/UT9SZT0zQV89NUJjYWNv
bXAtbD01RF9FX249M0FfQnJhcz1FRGxpYV9jb2JyZT89DQpJbi1SZXBseS1UbzogPFBpbmUuU1VO
LjMuOTEuOTgxMTAzMjM1OTQzLjIyNDFFLTEwMDAwMEBhbnRhcmVzLmxpbmYudW5iLmJyPg0KTWVz
c2FnZS1JRDogPFBpbmUuQlNGLjMuOTYuOTgxMTA0MTMzNTQ3LjI1MzJCLTEwMDAwMEBicmFzaWxp
YS5tcGRmdC5nb3YuYnI+DQpNSU1FLVZlcnNpb246IDEuMA0KQ29udGVudC1UeXBlOiBURVhUL1BM
QUlOOyBjaGFyc2V0PQ0KWC1NSU1FLUF1dG9jb252ZXJ0ZWQ6IGZyb20gOGJpdCB0byBxdW90ZWQt
cHJpbnRhYmxlIGJ5IGJyYXNpbGlhLm1wZGZ0Lmdvdi5iciBpZCBOQUEwMjU3MQ0KQ29udGVudC1U
cmFuc2Zlci1FbmNvZGluZzogOGJpdA0KWC1NSU1FLUF1dG9jb252ZXJ0ZWQ6IGZyb20gcXVvdGVk
LXByaW50YWJsZSB0byA4Yml0IGJ5IGN5cml1cy5saW5mLnVuYi5iciBpZCBOQUIxNDYyMw0KU2Vu
ZGVyOiBvd25lci1jYWNvbXAtbEBsaW5mLnVuYi5icg0KUmVwbHktVG86IGNhY29tcC1sQGxpbmYu
dW5iLmJyDQpQcmVjZWRlbmNlOiBidWxrDQpYLVJjcHQtVG86IDxhY2VjaWxpYUBtYWlsYnIuY29t
LmJyDQpYLURQT1A6IERQT1AgVmVyc2lvbiAyLjNkDQpYLVVJREw6IDkxMDM4NjgxNi4wMDQNClN0
YXR1czogUk8NCg0KDQoNCglDb21vIGFzc2ltLCBkYWggdW0gZXhlbXBsby4gRGVpeGFuZG8gYSBj
b250YSBhYmVydGEsIG5laCwgRnJlZC4uLg0KDQoJDQoNCk9uIFdlZCwgNCBOb3YgMTk5OCwgRnJl
ZGVyaWNvIE5hcmRvdHRvIHdyb3RlOg0KDQo+IFBvcnF1ZSBldSBzb3UgZWggZm9kYS4uLi4gDQo+
IFByZWdvIGVoIG8gY2FyYWxobywgVmMgbmFvIG1lIGNvbmhlY2UgcGFyYSBmaWNhciBmYWxhbmRv
IGFzc2ltLi4uIE5hbyANCj4gc2FiZSBkZSBvbmRlIGV1IHZpbSwgcXVlbSBzb3UsIG91IHNlamEs
IFBPUlJBIE5FTkhVTUEuLi4NCj4gDQo+IFZBSSBUT01BUiBOTyBDVSBFIE1FIERFSVhBIEVNIFBB
WiEhISEhISENCj4gDQo+IE9uIFR1ZSwgMyBOb3YgMTk5OCwgR3VpbGhlcm1lIE9saXZpZXJpIENh
aXhldGEgQm9yZ2VzIHdyb3RlOg0KPiANCj4gPiBT82NyYXRlcywNCj4gPiANCj4gPiAgICAgcG9y
cXVlIHZvY+ogZmF6IHRhbnRhIHF1ZXN0428gZGUgc2UgaW5kaXNwb3IgY29tIFRPRE8gTVVORE8h
ISEgSuEgbuNvIGJhc3Rhc3NlDQo+ID4gbWVpYSBjb21wdXRh5+NvIHRlIGFjaGFyIHVtIHByZWdv
LCB2b2PqIHJlc29sdmUgYW1wbGlhciBlc3RlIHVuaXZlcnNvIHBhcmEgb3V0cmFzDQo+ID4gcGVz
c29hcy4uLiBNYW7pIQ0KPiA+IA0KPiA+IFNvY3JhdGVzIEFyYW50ZXMgVGVpeGVpcmEgRmlsaG8g
KDk3LzE4NDQzKSB3cm90ZToNCj4gPiANCj4gPiA+ICAgICAgVm9j6iB0ZW0gcXVlIHZlciBxdWUg
cGFjaepuY2lhIHRlbSBsaW1pdGUuIEV1IGFn/GVudGVpIG8gbeF4aW1vDQo+ID4gPiBwb3Nz7XZl
bCBlbGUgZmljYXIgZXNjcmV2ZW5kbyBlc3NhcyBidXJyaWNlcyBuYSBub3NzYSBzYWxhIGRlIGRp
c2N1cnPjby4NCj4gPiA+IENvbSBnZW50ZSBpZ25vcmFudGUgY29tbyBlbGUsIHF1ZSB1bSByb3Jp
emlzdGEgY2VnbywgbvNzIHPzIGNvbnNlZ3VpbW9zDQo+ID4gDQo+ID4gICAgIEVtIHNlIGZhbGFu
ZG8gZGUgaWdub3LibmNpYTog6SBiZW0gdmVyZGFkZSBxdWUgb3MgbWFpbHMgZGEgY2Fjb21wIGVz
dONvIGF0aW5naW5kbw0KPiA+IHByb3Bvcuf1ZXMgZGFudGVzY2FzLCBtYXMgbyBjZXJ0byDpIERJ
U0NVU1PDTy4NCj4gPiANCj4gPiBTZW0gbWFpcywNCj4gPiANCj4gPiAtLQ0KPiA+IEd1aWxoZXJt
ZSBPbGl2aWVyaSBDYWl4ZXRhIEJvcmdlcw0KPiA+ICoqKioqKioqKioqKioqKioqKioqKioqKioq
DQo+ID4gV2ViIERlc2lnbiAtIFZpYSBJbnRlcm5ldA0KPiA+ICgwNjEpIDMxNS05NjU3IC8gOTY0
LTkxOTkNCj4gPiBndWlib3JnZXNAYnJhc2lsaWEuY29tLmJyDQo+ID4gZ3VpYm9yZ2VzQHZpYS1u
ZXQuY29tLmJyDQo+ID4gKioqKioqKioqKioqKioqKioqKioqKioqKioNCj4gPiANCj4gPiANCj4g
PiANCj4gPiANCj4gPiANCj4gDQo+IA0KDQoNCg==
