Date: Thu, 6 Jun 1996 15:50:39 +0400 (MOW DST)
From: Starovoitov Igor <igor@fripp.aic.synapse.ru>
To: eryq@rhine.gsfc.nasa.gov
Subject: Need help
MIME-Version: 1.0
Content-Type: MULTIPART/MIXED; BOUNDARY="-490585488-806670346-834061839=:2195"

  This message is in MIME format.  The first part should be readable text,
  while the remaining parts are likely unreadable without MIME-aware tools.
  Send mail to mime@docserver.cac.washington.edu for more info.

---490585488-806670346-834061839=:2195
Content-Type: TEXT/PLAIN; charset=US-ASCII

Dear Sir,

I have a problem with Your MIME-Parser-1.9
and multipart-nested messages. 
Not all parts are parsed.

Here my Makefile, Your own multipart-nested.msg
and its out after "make test".
Some my messages not completely parsed too. 

Is this a bug?

Thank You for help.


Igor Starovoytov.
---490585488-806670346-834061839=:2195
Content-Type: TEXT/PLAIN; charset=US-ASCII; name=Makefile
Content-Transfer-Encoding: BASE64
Content-ID: <Pine.LNX.3.91.960606155039.2195B@fripp.aic.synapse.ru>
Content-Description: Makefile

Iy0tLS0tLS0tLS0tLS0tLS0tLS0tLS0tLS0tLS0tLS0tLS0tLS0tLS0tLS0tLS0tLS0tLS0tLS0t
LS0tLQ0KIyBNYWtlZmlsZSBmb3IgTUlNRTo6DQojLS0tLS0tLS0tLS0tLS0tLS0tLS0tLS0tLS0t
LS0tLS0tLS0tLS0tLS0tLS0tLS0tLS0tLS0tLS0tLS0tDQoNCiMgV2hlcmUgdG8gaW5zdGFsbCB0
aGUgbGlicmFyaWVzOg0KU0lURV9QRVJMID0gL3Vzci9saWIvcGVybDUNCg0KIyBXaGF0IFBlcmw1
IGlzIGNhbGxlZCBvbiB5b3VyIHN5c3RlbSAobm8gbmVlZCB0byBnaXZlIGVudGlyZSBwYXRoKToN
ClBFUkw1ICAgICA9IHBlcmwNCg0KIyBZb3UgcHJvYmFibHkgd29uJ3QgbmVlZCB0byBjaGFuZ2Ug
dGhlc2UuLi4NCk1PRFMgICAgICA9IERlY29kZXIucG0gRW50aXR5LnBtIEhlYWQucG0gUGFyc2Vy
LnBtIEJhc2U2NC5wbSBRdW90ZWRQcmludC5wbQ0KU0hFTEwgICAgID0gL2Jpbi9zaA0KDQojLS0t
LS0tLS0tLS0tLS0tLS0tLS0tLS0tLS0tLS0tLS0tLS0tLS0tLS0tLS0tLS0tLS0tLS0tLS0tLS0t
DQojIEZvciBpbnN0YWxsZXJzLi4uDQojLS0tLS0tLS0tLS0tLS0tLS0tLS0tLS0tLS0tLS0tLS0t
LS0tLS0tLS0tLS0tLS0tLS0tLS0tLS0tLS0tDQoNCmhlbHA6CQ0KCUBlY2hvICJWYWxpZCB0YXJn
ZXRzOiB0ZXN0IGNsZWFuIGluc3RhbGwiDQoNCmNsZWFuOg0KCXJtIC1mIHRlc3RvdXQvKg0KDQp0
ZXN0Og0KIwlAZWNobyAiVEVTVElORyBIZWFkLnBtLi4uIg0KIwkke1BFUkw1fSBNSU1FL0hlYWQu
cG0gICA8IHRlc3Rpbi9maXJzdC5oZHIgICAgICAgPiB0ZXN0b3V0L0hlYWQub3V0DQojCUBlY2hv
ICJURVNUSU5HIERlY29kZXIucG0uLi4iDQojCSR7UEVSTDV9IE1JTUUvRGVjb2Rlci5wbSA8IHRl
c3Rpbi9xdW90LXByaW50LmJvZHkgPiB0ZXN0b3V0L0RlY29kZXIub3V0DQojCUBlY2hvICJURVNU
SU5HIFBhcnNlci5wbSAoc2ltcGxlKS4uLiINCiMJJHtQRVJMNX0gTUlNRS9QYXJzZXIucG0gPCB0
ZXN0aW4vc2ltcGxlLm1zZyAgICAgID4gdGVzdG91dC9QYXJzZXIucy5vdXQNCiMJQGVjaG8gIlRF
U1RJTkcgUGFyc2VyLnBtIChtdWx0aXBhcnQpLi4uIg0KIwkke1BFUkw1fSBNSU1FL1BhcnNlci5w
bSA8IHRlc3Rpbi9tdWx0aS0yZ2lmcy5tc2cgPiB0ZXN0b3V0L1BhcnNlci5tLm91dA0KCUBlY2hv
ICJURVNUSU5HIFBhcnNlci5wbSAobXVsdGlfbmVzdGVkLm1zZykuLi4iDQoJJHtQRVJMNX0gTUlN
RS9QYXJzZXIucG0gPCB0ZXN0aW4vbXVsdGktbmVzdGVkLm1zZyA+IHRlc3RvdXQvUGFyc2VyLm4u
b3V0DQoJQGVjaG8gIkFsbCB0ZXN0cyBwYXNzZWQuLi4gc2VlIC4vdGVzdG91dC9NT0RVTEUqLm91
dCBmb3Igb3V0cHV0Ig0KDQppbnN0YWxsOg0KCUBpZiBbICEgLWQgJHtTSVRFX1BFUkx9IF07IHRo
ZW4gXA0KCSAgICBlY2hvICJQbGVhc2UgZWRpdCB0aGUgU0lURV9QRVJMIGluIHlvdXIgTWFrZWZp
bGUiOyBleGl0IC0xOyBcDQogICAgICAgIGZpICAgICAgICAgIA0KCUBpZiBbICEgLXcgJHtTSVRF
X1BFUkx9IF07IHRoZW4gXA0KCSAgICBlY2hvICJObyBwZXJtaXNzaW9uLi4uIHNob3VsZCB5b3Ug
YmUgcm9vdD8iOyBleGl0IC0xOyBcDQogICAgICAgIGZpICAgICAgICAgIA0KCUBpZiBbICEgLWQg
JHtTSVRFX1BFUkx9L01JTUUgXTsgdGhlbiBcDQoJICAgIG1rZGlyICR7U0lURV9QRVJMfS9NSU1F
OyBcDQogICAgICAgIGZpDQoJaW5zdGFsbCAtbSAwNjQ0IE1JTUUvKi5wbSAke1NJVEVfUEVSTH0v
TUlNRQ0KDQoNCiMtLS0tLS0tLS0tLS0tLS0tLS0tLS0tLS0tLS0tLS0tLS0tLS0tLS0tLS0tLS0t
LS0tLS0tLS0tLS0tLS0NCiMgRm9yIGRldmVsb3BlciBvbmx5Li4uDQojLS0tLS0tLS0tLS0tLS0t
LS0tLS0tLS0tLS0tLS0tLS0tLS0tLS0tLS0tLS0tLS0tLS0tLS0tLS0tLS0tDQoNClBPRDJIVE1M
X0ZMQUdTID0gLS1wb2RwYXRoPS4gLS1mbHVzaCAtLWh0bWxyb290PS4uDQpIVE1MUyAgICAgICAg
ICA9ICR7TU9EUzoucG09Lmh0bWx9DQpWUEFUSCAgICAgICAgICA9IE1JTUUNCg0KLlNVRkZJWEVT
OiAucG0gLnBvZCAuaHRtbA0KDQojIHYuMS44IGdlbmVyYXRlZCAzMCBBcHIgOTYNCiMgdi4xLjkg
aXMgb25seSBiZWNhdXNlIDEuOCBmYWlsZWQgQ1BBTiBpbmdlc3Rpb24NCmRpc3Q6IGRvY3VtZW50
ZWQJDQoJVkVSU0lPTj0xLjkgOyBcDQoJbWtkaXN0IC10Z3ogTUlNRS1wYXJzZXItJCRWRVJTSU9O
IDsgXA0KCWNwIE1LRElTVC9NSU1FLXBhcnNlci0kJFZFUlNJT04udGd6ICR7SE9NRX0vcHVibGlj
X2h0bWwvY3Bhbg0KCQ0KZG9jdW1lbnRlZDogJHtIVE1MU30gJHtNT0RTfQ0KDQoucG0uaHRtbDoN
Cglwb2QyaHRtbCAke1BPRDJIVE1MX0ZMQUdTfSBcDQoJCS0tdGl0bGU9TUlNRTo6JCogXA0KCQkt
LWluZmlsZT0kPCBcDQoJCS0tb3V0ZmlsZT1kb2NzLyQqLmh0bWwNCg0KIy0tLS0tLS0tLS0tLS0t
LS0tLS0tLS0tLS0tLS0tLS0tLS0tLS0tLS0tLS0tLS0tLS0tLS0tLS0tLS0tLQ0K

---490585488-806670346-834061839=:2195
Content-Type: TEXT/PLAIN; charset=US-ASCII; name="multi-nested.msg"
Content-Transfer-Encoding: BASE64
Content-ID: <Pine.LNX.3.91.960606155039.2195C@fripp.aic.synapse.ru>
Content-Description: test message

TUlNRS1WZXJzaW9uOiAxLjANCkZyb206IExvcmQgSm9obiBXaG9yZmluIDx3aG9yZmluQHlveW9k
eW5lLmNvbT4NClRvOiA8am9obi15YXlhQHlveW9keW5lLmNvbT4NClN1YmplY3Q6IEEgY29tcGxl
eCBuZXN0ZWQgbXVsdGlwYXJ0IGV4YW1wbGUNCkNvbnRlbnQtVHlwZTogbXVsdGlwYXJ0L21peGVk
Ow0KICAgICBib3VuZGFyeT11bmlxdWUtYm91bmRhcnktMQ0KDQpUaGUgcHJlYW1ibGUgb2YgdGhl
IG91dGVyIG11bHRpcGFydCBtZXNzYWdlLg0KTWFpbCByZWFkZXJzIHRoYXQgdW5kZXJzdGFuZCBt
dWx0aXBhcnQgZm9ybWF0DQpzaG91bGQgaWdub3JlIHRoaXMgcHJlYW1ibGUuDQpJZiB5b3UgYXJl
IHJlYWRpbmcgdGhpcyB0ZXh0LCB5b3UgbWlnaHQgd2FudCB0bw0KY29uc2lkZXIgY2hhbmdpbmcg
dG8gYSBtYWlsIHJlYWRlciB0aGF0IHVuZGVyc3RhbmRzDQpob3cgdG8gcHJvcGVybHkgZGlzcGxh
eSBtdWx0aXBhcnQgbWVzc2FnZXMuDQotLXVuaXF1ZS1ib3VuZGFyeS0xDQoNClBhcnQgMSBvZiB0
aGUgb3V0ZXIgbWVzc2FnZS4NCltOb3RlIHRoYXQgdGhlIHByZWNlZGluZyBibGFuayBsaW5lIG1l
YW5zDQpubyBoZWFkZXIgZmllbGRzIHdlcmUgZ2l2ZW4gYW5kIHRoaXMgaXMgdGV4dCwNCndpdGgg
Y2hhcnNldCBVUyBBU0NJSS4gIEl0IGNvdWxkIGhhdmUgYmVlbg0KZG9uZSB3aXRoIGV4cGxpY2l0
IHR5cGluZyBhcyBpbiB0aGUgbmV4dCBwYXJ0Ll0NCg0KLS11bmlxdWUtYm91bmRhcnktMQ0KQ29u
dGVudC10eXBlOiB0ZXh0L3BsYWluOyBjaGFyc2V0PVVTLUFTQ0lJDQoNClBhcnQgMiBvZiB0aGUg
b3V0ZXIgbWVzc2FnZS4NClRoaXMgY291bGQgaGF2ZSBiZWVuIHBhcnQgb2YgdGhlIHByZXZpb3Vz
IHBhcnQsDQpidXQgaWxsdXN0cmF0ZXMgZXhwbGljaXQgdmVyc3VzIGltcGxpY2l0DQp0eXBpbmcg
b2YgYm9keSBwYXJ0cy4NCg0KLS11bmlxdWUtYm91bmRhcnktMQ0KU3ViamVjdDogUGFydCAzIG9m
IHRoZSBvdXRlciBtZXNzYWdlIGlzIG11bHRpcGFydCENCkNvbnRlbnQtVHlwZTogbXVsdGlwYXJ0
L3BhcmFsbGVsOw0KICAgICBib3VuZGFyeT11bmlxdWUtYm91bmRhcnktMg0KDQpBIG9uZS1saW5l
IHByZWFtYmxlIGZvciB0aGUgaW5uZXIgbXVsdGlwYXJ0IG1lc3NhZ2UuDQotLXVuaXF1ZS1ib3Vu
ZGFyeS0yDQpDb250ZW50LVR5cGU6IGltYWdlL2dpZg0KQ29udGVudC1UcmFuc2Zlci1FbmNvZGlu
ZzogYmFzZTY0DQpDb250ZW50LURpc3Bvc2l0aW9uOiBpbmxpbmU7IGZpbGVuYW1lPSIzZC1jb21w
cmVzcy5naWYiDQpTdWJqZWN0OiBQYXJ0IDEgb2YgdGhlIGlubmVyIG1lc3NhZ2UgaXMgYSBHSUYs
ICIzZC1jb21wcmVzcy5naWYiDQoNClIwbEdPRGRoS0FBb0FPTUFBQUFBQUFBQWdCNlEveTlQVDI1
dWJuQ0FrS0JTTGI2K3Z1Zm41L1hlcy8rbEFQLzZ6UUFBQUFBQQ0KQUFBQUFBQUFBQ3dBQUFBQUtB
QW9BQUFFL2hESlNhdTllSkxNT3lZYmNveGthWjVvQ2tvSDZMNXdMTWZpV3FkNGJ0WmhteGJBDQpv
RkNZNDdFSXFNSmd5V3cyQVRqajdhUmtBcTVZd0RNbDlWR3RLTzBTaXVvaVRWbHNjc3h0OWM0SGdY
eFVJQTBFQVZPVmZES1QNCjhIbDFCM2tEQVlZbGUyMDJYbkdHZ29NSGhZY2tpV1Z1UjMrT1RnQ0dl
WlJzbG90d2dKMmxuWWlnZlpkVGpRVUxyN0FMQlpOMA0KcVR1cmpIZ0xLQXUwQjVXcW9wbTdKNzJl
dFFOOHQ4SWp1cnkrd010dnc4L0h2N1lsZnMwQnhDYkdxTW1LMHlPT1EwR1RDZ3JSDQoyYmh3Skds
WEpRWUc2bU1Lb2VOb1dTYnpDV0lBQ2U1Snd4UW0zQWtEQWJVQVFDaVFoRFpFQmVCbDZhZmdDc09C
ckQ0NWVkSXYNClFjZUdXU01ldnBPWWhsNkNreWRCSGhCWlFtR0tqaWhWc2h5cGpCOUNsQUhaTVR1
Z3pPVTdtemhCUGlTWjV1RE5uQTdiL2FUWg0KMG1oTW5mbDBwREJGYTZiVUVsU1BXYjBxdFl1SHJ4
bHdjUjE3WXNXTXMyalRxbDNMRmtRRUFEcz0NCi0tdW5pcXVlLWJvdW5kYXJ5LTINCkNvbnRlbnQt
VHlwZTogaW1hZ2UvZ2lmDQpDb250ZW50LVRyYW5zZmVyLUVuY29kaW5nOiBiYXNlNjQNCkNvbnRl
bnQtRGlzcG9zaXRpb246IGlubGluZTsgZmlsZW5hbWU9IjNkLWV5ZS5naWYiDQpTdWJqZWN0OiBQ
YXJ0IDIgb2YgdGhlIGlubmVyIG1lc3NhZ2UgaXMgYW5vdGhlciBHSUYsICIzZC1leWUuZ2lmIg0K
DQpSMGxHT0RkaEtBQW9BUE1BQUFBQUFBQUF6TjN1Lzc2K3ZvaUlpRzV1YnN6ZDd2Ly8vK2ZuNXdB
QUFBQUFBQUFBQUFBQUFBQUENCkFBQUFBQUFBQUN3QUFBQUFLQUFvQUFBRS9oREpTYXU5ZUpiTU95
NGJNb3hrYVo1b0Nrb0Q2TDV3TE1maVduczQxb1p0N2xNNw0KVnVqbkM5NklSVnNQV1FFNG54UGpr
dm1zUW11OG9jL0tCVVNWV2s3WGVwR0dMZU5yeG94Sk8xTWpJTGp0aGcva1dYUTZ3Ty83DQorM2RD
ZVJSamZBS0hpSW1KQVYrRENGMEJpVzVWQW8xQ0VsYVJoNU5qbGtlWW1weVRncGNUQUtHaWFhU2Zw
d0twVlFheFZhdEwNCnJVOEdhUWRPQkFRQUI3K3lYbGlYVHJnQXhzVzR2RmFidjhCT3RCc0J0N2NH
dndDSVQ5bk95TkVJeHVDNHpycUt6YzlYYk9ESg0KdnM3WTVld0gzZDdGeGUzakI0cmo4dDZQdU5h
NnIyYmhLUVhOMTdGWUNCTXFUR2lCelNOaHg1ZzBuRU1obHNTSmppUll2RGp3DQpFMGNkR3hRL2dz
d29zb0tVa211VTJGbkpjc1NLR1RCanlweEpzeWFJQ0FBNw0KLS11bmlxdWUtYm91bmRhcnktMi0t
DQoNClRoZSBlcGlsb2d1ZSBmb3IgdGhlIGlubmVyIG11bHRpcGFydCBtZXNzYWdlLg0KDQotLXVu
aXF1ZS1ib3VuZGFyeS0xDQpDb250ZW50LXR5cGU6IHRleHQvcmljaHRleHQNCg0KVGhpcyBpcyA8
Ym9sZD5wYXJ0IDQgb2YgdGhlIG91dGVyIG1lc3NhZ2U8L2JvbGQ+DQo8c21hbGxlcj5hcyBkZWZp
bmVkIGluIFJGQzEzNDE8L3NtYWxsZXI+PG5sPg0KPG5sPg0KSXNuJ3QgaXQgPGJpZ2dlcj48Ymln
Z2VyPmNvb2w/PC9iaWdnZXI+PC9iaWdnZXI+DQoNCi0tdW5pcXVlLWJvdW5kYXJ5LTENCkNvbnRl
bnQtVHlwZTogbWVzc2FnZS9yZmM4MjINCg0KRnJvbTogKG1haWxib3ggaW4gVVMtQVNDSUkpDQpU
bzogKGFkZHJlc3MgaW4gVVMtQVNDSUkpDQpTdWJqZWN0OiBQYXJ0IDUgb2YgdGhlIG91dGVyIG1l
c3NhZ2UgaXMgaXRzZWxmIGFuIFJGQzgyMiBtZXNzYWdlIQ0KQ29udGVudC1UeXBlOiBUZXh0L3Bs
YWluOyBjaGFyc2V0PUlTTy04ODU5LTENCkNvbnRlbnQtVHJhbnNmZXItRW5jb2Rpbmc6IFF1b3Rl
ZC1wcmludGFibGUNCg0KUGFydCA1IG9mIHRoZSBvdXRlciBtZXNzYWdlIGlzIGl0c2VsZiBhbiBS
RkM4MjIgbWVzc2FnZSENCg0KLS11bmlxdWUtYm91bmRhcnktMS0tDQoNClRoZSBlcGlsb2d1ZSBm
b3IgdGhlIG91dGVyIG1lc3NhZ2UuDQo=

---490585488-806670346-834061839=:2195
Content-Type: TEXT/PLAIN; charset=US-ASCII; name="Parser.n.out"
Content-Transfer-Encoding: BASE64
Content-ID: <Pine.LNX.3.91.960606155039.2195D@fripp.aic.synapse.ru>
Content-Description: out from parser

KiBXYWl0aW5nIGZvciBhIE1JTUUgbWVzc2FnZSBmcm9tIFNURElOLi4uDQo9PT09PT09PT09PT09
PT09PT09PT09PT09PT09PT09PT09PT09PT09PT09PT09PT09PT09PT09PT09PT0NCkNvbnRlbnQt
dHlwZTogbXVsdGlwYXJ0L21peGVkDQpCb2R5LWZpbGU6IE5PTkUNClN1YmplY3Q6IEEgY29tcGxl
eCBuZXN0ZWQgbXVsdGlwYXJ0IGV4YW1wbGUNCk51bS1wYXJ0czogMw0KLS0NCiAgICBDb250ZW50
LXR5cGU6IHRleHQvcGxhaW4NCiAgICBCb2R5LWZpbGU6IC4vdGVzdG91dC9tc2ctMzUzOC0xLmRv
Yw0KICAgIC0tDQogICAgQ29udGVudC10eXBlOiB0ZXh0L3BsYWluDQogICAgQm9keS1maWxlOiAu
L3Rlc3RvdXQvbXNnLTM1MzgtMi5kb2MNCiAgICAtLQ0KICAgIENvbnRlbnQtdHlwZTogbXVsdGlw
YXJ0L3BhcmFsbGVsDQogICAgQm9keS1maWxlOiBOT05FDQogICAgU3ViamVjdDogUGFydCAzIG9m
IHRoZSBvdXRlciBtZXNzYWdlIGlzIG11bHRpcGFydCENCiAgICBOdW0tcGFydHM6IDINCiAgICAt
LQ0KICAgICAgICBDb250ZW50LXR5cGU6IGltYWdlL2dpZg0KICAgICAgICBCb2R5LWZpbGU6IC4v
dGVzdG91dC8zZC1jb21wcmVzcy5naWYNCiAgICAgICAgU3ViamVjdDogUGFydCAxIG9mIHRoZSBp
bm5lciBtZXNzYWdlIGlzIGEgR0lGLCAiM2QtY29tcHJlc3MuZ2lmIg0KICAgICAgICAtLQ0KICAg
ICAgICBDb250ZW50LXR5cGU6IGltYWdlL2dpZg0KICAgICAgICBCb2R5LWZpbGU6IC4vdGVzdG91
dC8zZC1leWUuZ2lmDQogICAgICAgIFN1YmplY3Q6IFBhcnQgMiBvZiB0aGUgaW5uZXIgbWVzc2Fn
ZSBpcyBhbm90aGVyIEdJRiwgIjNkLWV5ZS5naWYiDQogICAgICAgIC0tDQo9PT09PT09PT09PT09
PT09PT09PT09PT09PT09PT09PT09PT09PT09PT09PT09PT09PT09PT09PT09PT0NCg0K

---490585488-806670346-834061839=:2195--
