Content-type: message/rfc822
Content-transfer-encoding: base64
Subject: a multipart message/rfc822 which has been base64-encoded

UmV0dXJuLVBhdGg6IGVyeXFAcmhpbmUuZ3NmYy5uYXNhLmdvdg0KU2VuZGVyOiBqb2huLWJpZ2Jv
b3RlDQpEYXRlOiBUaHUsIDExIEFwciAxOTk2IDAxOjEwOjMwIC0wNTAwDQpGcm9tOiBFcnlxIDxl
cnlxQHJoaW5lLmdzZmMubmFzYS5nb3Y+DQpPcmdhbml6YXRpb246IFlveW9keW5lIFByb3B1bHNp
b24gU3lzdGVtcw0KWC1NYWlsZXI6IE1vemlsbGEgMi4wIChYMTE7IEk7IExpbnV4IDEuMS4xOCBp
NDg2KQ0KTUlNRS1WZXJzaW9uOiAxLjANClRvOiBqb2huLWJpZ2Jvb3RlQGVyeXEucHIubWNzLm5l
dA0KU3ViamVjdDogVHdvIGltYWdlcyBmb3IgeW91Li4uDQpDb250ZW50LVR5cGU6IG11bHRpcGFy
dC9taXhlZDsgYm91bmRhcnk9Ii0tLS0tLS0tLS0tLTI5OUE3MEIzMzlCNjVBOTM1NDJEMkFFIg0K
DQpUaGlzIGlzIGEgbXVsdGktcGFydCBtZXNzYWdlIGluIE1JTUUgZm9ybWF0LgoNCi0tLS0tLS0t
LS0tLS0tMjk5QTcwQjMzOUI2NUE5MzU0MkQyQUUNCkNvbnRlbnQtVHlwZTogdGV4dC9wbGFpbjsg
Y2hhcnNldD11cy1hc2NpaQ0KQ29udGVudC1UcmFuc2Zlci1FbmNvZGluZzogN2JpdA0KDQpXaGVu
IHVucGFja2VkLCB0aGlzIG1lc3NhZ2Ugc2hvdWxkIHByb2R1Y2UgdHdvIEdJRiBmaWxlczoKCgkq
IFRoZSAxc3Qgc2hvdWxkIGJlIGNhbGxlZCAiM2QtY29tcHJlc3MuZ2lmIgoJKiBUaGUgMm5kIHNo
b3VsZCBiZSBjYWxsZWQgIjNkLWV5ZS5naWYiCgpEaWZmZXJlbnQgd2F5cyBvZiBzcGVjaWZ5aW5n
IHRoZSBmaWxlbmFtZXMgaGF2ZSBiZWVuIHVzZWQuCgotLSAKICAgX19fXyAgICAgICAgICAgX18K
ICAvIF9fL19fX19fX19fX18vXy8gIEVyeXEgKGVyeXFAcmhpbmUuZ3NmYy5uYXNhLmdvdikKIC8g
X18vIF8vIC8gLyAsIC8gICAgIEh1Z2hlcyBTVFggQ29ycG9yYXRpb24sIE5BU0EvR29kZGFyZAov
X19fL18vIFwgIC9cICAvX19fIAogICAgICAgIC9fLyAvX19fX18vICAgaHR0cDovL3NlbHN2ci5z
dHguY29tL35lcnlxLwoNCi0tLS0tLS0tLS0tLS0tMjk5QTcwQjMzOUI2NUE5MzU0MkQyQUUNCkNv
bnRlbnQtVHlwZTogaW1hZ2UvZ2lmDQpDb250ZW50LVRyYW5zZmVyLUVuY29kaW5nOiBiYXNlNjQN
CkNvbnRlbnQtRGlzcG9zaXRpb246IGlubGluZTsgZmlsZW5hbWU9IjNkLWNvbXByZXNzLmdpZiIN
Cg0KUjBsR09EZGhLQUFvQU9NQUFBQUFBQUFBZ0I2US95OVBUMjV1Ym5DQWtLQlNMYjYrdnVmbjUv
WGVzLytsQVAvNnpRQUFBQUFBQUFBQQ0KQUFBQUFDd0FBQUFBS0FBb0FBQUUvaERKU2F1OWVKTE1P
eVliY294a2FaNW9Da29INkw1d0xNZmlXcWQ0YnRaaG14YkFvRkNZNDdFSQ0KcU1KZ3lXdzJBVGpq
N2FSa0FxNVl3RE1sOVZHdEtPMFNpdW9pVFZsc2NzeHQ5YzRIZ1h4VUlBMEVBVk9WZkRLVDhIbDFC
M2tEQVlZbA0KZTIwMlhuR0dnb01IaFlja2lXVnVSMytPVGdDR2VaUnNsb3R3Z0oybG5ZaWdmWmRU
alFVTHI3QUxCWk4wcVR1cmpIZ0xLQXUwQjVXcQ0Kb3BtN0o3MmV0UU44dDhJanVyeSt3TXR2dzgv
SHY3WWxmczBCeENiR3FNbUsweU9PUTBHVENnclIyYmh3SkdsWEpRWUc2bU1Lb2VObw0KV1NiekNX
SUFDZTVKd3hRbTNBa0RBYlVBUUNpUWhEWkVCZUJsNmFmZ0NzT0JyRDQ1ZWRJdlFjZUdXU01ldnBP
WWhsNkNreWRCSGhCWg0KUW1HS2ppaFZzaHlwakI5Q2xBSFpNVHVnek9VN216aEJQaVNaNXVETm5B
N2IvYVRaMG1oTW5mbDBwREJGYTZiVUVsU1BXYjBxdFl1SA0Kcnhsd2NSMTdZc1dNczJqVHFsM0xG
a1FFQURzPQ0KDQotLS0tLS0tLS0tLS0tLTI5OUE3MEIzMzlCNjVBOTM1NDJEMkFFDQpDb250ZW50
LVR5cGU6IGltYWdlL2dpZjsgbmFtZT0iM2QtZXllLmdpZiINCkNvbnRlbnQtVHJhbnNmZXItRW5j
b2Rpbmc6IGJhc2U2NA0KDQpSMGxHT0RkaEtBQW9BUE1BQUFBQUFBQUF6TjN1Lzc2K3ZvaUlpRzV1
YnN6ZDd2Ly8vK2ZuNXdBQUFBQUFBQUFBQUFBQUFBQUFBQUFBDQpBQUFBQUN3QUFBQUFLQUFvQUFB
RS9oREpTYXU5ZUpiTU95NGJNb3hrYVo1b0Nrb0Q2TDV3TE1maVduczQxb1p0N2xNN1Z1am5DOTZJ
DQpSVnNQV1FFNG54UGprdm1zUW11OG9jL0tCVVNWV2s3WGVwR0dMZU5yeG94Sk8xTWpJTGp0aGcv
a1dYUTZ3Ty83KzNkQ2VSUmpmQUtIDQppSW1KQVYrRENGMEJpVzVWQW8xQ0VsYVJoNU5qbGtlWW1w
eVRncGNUQUtHaWFhU2Zwd0twVlFheFZhdExyVThHYVFkT0JBUUFCNyt5DQpYbGlYVHJnQXhzVzR2
RmFidjhCT3RCc0J0N2NHdndDSVQ5bk95TkVJeHVDNHpycUt6YzlYYk9ESnZzN1k1ZXdIM2Q3Rnhl
M2pCNHJqDQo4dDZQdU5hNnIyYmhLUVhOMTdGWUNCTXFUR2lCelNOaHg1ZzBuRU1obHNTSmppUll2
RGp3RTBjZEd4US9nc3dvc29LVWttdVUyRm5KDQpjc1NLR1RCanlweEpzeWFJQ0FBNw0KDQotLS0t
LS0tLS0tLS0tLTI5OUE3MEIzMzlCNjVBOTM1NDJEMkFFLS0NClRoYXQgd2FzIGEgbXVsdGktcGFy
dCBtZXNzYWdlIGluIE1JTUUgZm9ybWF0Lgo=
