Return-Path: <support@webmail.uwohali.com>
Received: from virtual.mrf.mail.rcn.net ([207.172.4.103])
          by mta02.mrf.mail.rcn.net
          (InterMail vM.4.01.02.27 201-229-119-110) with ESMTP
          id <20000425112650.ZPUD516.mta02.mrf.mail.rcn.net@virtual.mrf.mail.rcn.net>
          for <eryq@mta.mrf.mail.rcn.net>; Tue, 25 Apr 2000 07:26:50 -0400
Received: from [205.139.141.226] (helo=webmail.uwohali.com ident=root)
	by virtual.mrf.mail.rcn.net with esmtp (Exim 2.12 #3)
	id 12k3VX-00012G-00
	for eryq@zeegee.com; Tue, 25 Apr 2000 07:27:59 -0400
Received: from webmail.uwohali.com (nobody@localhost [127.0.0.1])
	by webmail.uwohali.com (8.8.7/8.8.7) with SMTP id GAA10264
	for <eryq@zeegee.com>; Tue, 25 Apr 2000 06:34:43 -0500
Date: Tue, 25 Apr 2000 06:34:43 -0500
Message-Id: <200004251134.GAA10264@webmail.uwohali.com>
From: "ADJE Webmail Tech Support" <support@webmail.uwohali.com>
To: eryq@zeegee.com
Subject: mime::parser
Content-type: multipart/mixed; boundary="---------------------------7d033e3733c"
Mime-Version: 1.0
X-Mozilla-Status: 8001

-----------------------------7d033e3733c
Content-Type: text/plain

Eryq -

I occasionally receive an email (see below) like this one, which
MIME::Parser does not parse.  Any ideas?  Is this a valid way to send
an attachment, or is the problem on the "sender's" side?  Thanks for
your time!

   Mike

-->> Promote YOUR web site!  FREE Perl CGI scripts add WEB ACCESS to your
-->> E-Mail accounts! Download today!! http://webmail.uwohali.com

-----------------------------7d033e3733c
Content-type: multipart/mixed; boundary="----------=_960622044-2175-0"

The following is a multipart MIME message which was extracted
from a uuencoded message.

------------=_960622044-2175-0

Here's what he's talking about.  I've uuencoded the ZeeGee
logo and another GIF file below.


------------=_960622044-2175-0
Content-Type: image/gif; name="up.gif"; x-unix-mode="0644"
Content-Disposition: inline; filename="up.gif"
Content-Transfer-Encoding: base64
Mime-Version: 1.0
X-Mailer: MIME-tools 5.208 (Entity 5.204)

R0lGODdhEwATAKEAAP///wAAAICAgMDAwCwAAAAAEwATAAACR4SPmcHtz0xQFIgJ5ti8b3FJgEcO
IKaV3SmSgcdmY9esoUw7XJwO0Gu6pX6MIGqm+giRSR5T5UzulqCq9Yq6aq0oIrECPhQAADs=

------------=_960622044-2175-0
Content-Type: image/gif; name="zeegee.gif"; x-unix-mode="0644"
Content-Disposition: inline; filename="zeegee.gif"
Content-Transfer-Encoding: base64
Mime-Version: 1.0
X-Mailer: MIME-tools 5.208 (Entity 5.204)

R0lGODdhWwBwAPcAAAAAAAgICBAQEDkAITkAKUIAKRgYGEoAKUoAMVIAMVIAOVoAMSEhIVoAOVII
MWMAOWMAQloIOWsAQmMIOWMIQikpKVoQOWsIQmsISmMQOWMQQnMISjExMUIpMWsQSnsIUnMQUnMQ
SmsYQoQIUoQIWlIpOXMYQowIWjk5OWshQkI5OZQIWpQIY4wQWnMhSoQYUoQYWpQQY1I5QnshUkJC
QnMpSoQhSnMpUoQhUoQhWoQpUpQhY0pKSms5UnsxWnM5UpQpY1JSUmNKUlpSSpQxY5Qxa5wxa5Q5
WpQ5Y4RCWpQ5a1paWoxCWoRKY6U5c5xCY4xKa605a5RKY5xCe2NjY3taY6VCc5RSa6VKa3tjY61K
a2tra61Kc61Ke4Rja5Rac3tra6VSe61Sc6Vaa7VSc3Nzc4xra61ac61ahLVahK1jc4xzc61je3t7
e5Rzc61jhJxzc61re71je4x7e5xze7Vre71jlJx7e4SEhL1rhJx7lKV7e71rjKV7hKV7lJyEe71z
jKV7nN5jjIyMjK17nKWEhM5rlL17jK2EhLV7nM5zjK2EjLV7pd5rlJSUlK2MjLWEpb2EpbWMjLWM
lNZ7nL2MjK2UjL2MlN57lN57nJycnN6ElL2UlMaUlMaUnNaMnKWlpeeEpb2cnM6UnNaUnO+Ercac
nNaUpd6Mtd6Mvc6cnM6cpd6Upb2lpe+Mpa2trcalpc6lpeeUve+UtdalpdalreecrbW1td6lrd6l
pd6ltfecpeelrfecrdatreeltd6treelvd6tte+lrf+ctf+cvb29ve+lvf+cxuetreette+lzvel
vf+lve+tvf+lxue1tf+lzvetxsbGxu+1td69te+1vf+tvfe1vee9ve+9vf+1zv+1xve9vc7OzufG
vfe9xv+9xv+9zvfGxv+93vfGztbW1v/Gxv/Gzv/G3v/G5//Ozu/Wzv/O1t7e3v/O3v/W1v/W3v/W
5+fn5//e3v/e5//n3v/n5//n7//n9+/v7//v7/f39//39//3/////ywAAAAAWwBwAAcI/wD/CRxI
sKDBgwgTKlzIsKHDhxAjSpxIsaLFixgzapQYqaNHSCBDihwZkpHJRIRSqlzJsmWglzBj+plJs+ZM
PThz6lS4oafPnhiCYrhAtCiFo0ghKIXwoIHTp1AbKJiqIIHVqwiyatV6oGuBr2DBEhhLYIDZszx/
/hQ6tChRpEmXNo0alWrVq1i3cvUaNizZsmcHpFXrk21bo3CPyp1L9ylVvHn1ZuXbVyxZtAk/EFbL
1u3bxEuZNoZqF3ICyXsPVLY81qzCD5o3Fxbq+UJiCqEZjy5tGjWCrqpXF/grODNs2bNpu72NW6nu
3VNNn/ZNeTXZ17CPI9/Q2TNzuaMdP/+G7Pt39b5jsWePjbz7ctDgw0sdTx41cOHD1a/fzt39Z/ii
yTffXfXZF9xq+q3Hnmz+/ReXcwLyVqBe91WWoIL8NWjbbfGFJyFe1J1XgEIjKIjhdoZ5xyGEEUbX
W4h9kViiifuhqNx7cOXWoosgZpVABtOZd6CMM9KoXXs3IpZjh9DxaJUNZDSSySaKCOLCZHwROUKR
NGbY4HfOPUfXYwtE0YgrdUhRgwU1MKEIE3uNmBAJW9ZpZHZeBlXbiix6qIAVpWyihgiRpXCIBXsp
RAKddXLZpY16qrhkn429UAoxZ1ggXVZIJLHVAYou2qijJuYZqZKTitnAA3Y8o8gM9IH/iEMTeoW6
KKN23rngZhqCGaBTL8jiyhPiOWmVBm/UmtAJt4raqK67EtYrgAFaEU0jJtQVq1WHKIvQCcw2Oyqp
NSKZ5IYASmBINHJM0CReEeQRJAIKgRuuuM/qauqeoL2wDDHEysdbBmPkVa+99zqb6537SnoUEeSE
csOvTVblAhMgHoxws7gu/Ki5p/43BTmYeMBkk0ikAJnGG3M8KrQNu2UHOYZ4oNjJYyrwBKF4sYxw
wh2TWy6DSRoiDhvUqkqaGBkQmIDPP7v8MsOQ6onKNligm6rSDVyABX0KsfBz1FJ7/DHRGMiyjRI4
PkhxAxHogIUYLgxYVdhij93yrVNT/71dKtwUwe+kv9ZQiz333KOLBnbjzcIKettb9pYwI3d1Eef6
2pQGtHzDTj/3sLPKAk5N5TgLeUfOcdCVq3W1Ef2F7OCDX7TiSzXsfJONLzc4djrqkUuOr9nrwQAE
F1x0gTwq6cAO1Lla3wzBGn9YIgossLRiyQ9Q/Y465MFPTjlsO6TBijXrtKO++uqkE4wzn6CRQ+yy
f+dFFmCsMcf+YJTQfUKoC6AAgwe0jsEgDbxYR/rgwcAGyiMdx2BgOxT4CzSAYFpwaYIQSjAEIQhh
CCVIwP8QIsASpk514oKBHbChQPU1sIHvUEcEXzjBdYADEBeUXfQ8UAUZqOCHKnBAVP/qZUIBgg+F
i3qDNc7Rwna8MB7xeEc+ggHFeNBQgejAxhm+BBcP/EAGHeiAEIe4rBOsoIgBJCAJgHCKbpwDHS18
ITzikQ55zKKKVrziOs4Bjk/kAHpw0UIKIsAkjZ0RjSf8WRSg4UYmxpGG8jjGO/Aoxxqig4/UUAIg
KaCDJEjvVz5DZCLBlQZGguONClxgA9uhDmSsg5KVTOU5ztENaoThS2IQwdYaALVDohFheYCGNbox
DlQ+Eh7tIAczyiHHZtZwHZcERzegwQb/4EAKfGIK1MwoSlImAxraIKYx0+dEeGxDGuBoZiWfGc1u
WAMat7wRGUIQveYoZZvgEmUXgKH/DGqEs5jjVB83loENddKQnbOUpjagAQxNsgUHR0BVXPAJLl8K
0Am4AAY0/NmNU45zHdyQxjDKWcVVri+V0ExoNxaajFPoIHZk0IDDkKIoAlqUBTEYRS00ylFwABSO
6wiHNGzhxHjQ4x74uEc96IFMlGJxluNQKDSUAYxLhIA7O2DCYSRKgVAR8AQC5AMtdrpRa4TTo28U
xzNmcQ4n1gMf/hDIPu7BVKdeUqXaeCdVaTGGnpzBA5mDi62+irod0GKs/BRmODs6y3M0wxYsbAc9
8FGQfNQDHqlEx1352I2V6hUYtPAECIxwhBRJylaLsikgYnHYxFLDrJ09ZTOawQs4/8KjHv0wCD7i
Ac3Nctaz1GAoaFURBzkkZ6ufIRHHgrcDVaxiFbQAhmth241rPIMVs0SHZHNbkHtgtrHniGpn8xpc
quKCFqrgxEuPi9yuJqROzYrcG1ThXMRqtKzawMYzPgEOj77yHnEdSD6YeslxiHe81giucA+rik5c
QVrn0tJyEdaCTpjCFKpgrXS/WdZihIIasQWHduNxj32YeB915aM0x0teaEAjGcA4byxMwQlE8CpJ
WhrBhMHlBE544sLQjS4wOEyMWZxCG0iOLRPLKcE9rnileU2wi2EMWvTSWBI+uLFyXjOqHceBE5yw
cH2FDIxeFOMQ1HitWRfr0/BCdf/FSI6ygpVB5cOuQhWe4MQjmoA2PWFnXMs9BJjDjGHWRncYyACE
MlxcVmusOc6QjrKUGU1V6R42FqqgMScWAYeq6afLt4KBJCZxCTD/OMO0yEUxKJELfi6a0RtNc3Bl
LWtYT1W6lqYFpk2RZ0kgAg5XNdeFQF0ESRhbEqYu9C5mcQlcS1cZr7a1tF0MbWfX4tKZzjMnJFEI
OMwvQ8PushKObexks6IYdTjsTp0NDGFAG9rufrcyhMFuYFzbztkGsyQWsQc4+OBIsrkQbEZ1hUc8
YhGLKDcnRlGMPKBa3euut8StfVhd35nX+vb1Hczwb4ATRuADr1PBF4GIkpe7F5n/qAR9V2FoiNfC
F8Dwhcxhjuta2LziFqcvxrft6z3QwQw9GJpaQJ6dLY28EH0oRMJJUQwz+BjDzmU5zqdO9YrHIhZ3
zrQpOpFxRBTiDm7wQtBPNPSE9ERXI4DCwffA9kJIohl1mASYO/FjqD/36nifOt6xnvUL7/wSxvZ6
v82QhbGT3SeD0ZXaF3GHxu8B5XtQeLL9Tt+VP/fyldf5hT3B9Yw/QvB0cAMYquACI5XdIvxIvepX
z/rWu/71sIf9RhTSen3E/va4zz0/Zk971dte96svCPBfz/ve8+P3w1/I8FVf/IHMQx8E8f3yEcIP
d8zj+QJJvkUGwYDue9/7jnBH//SPv/zdF8QYPBAAANYfABQY4x/Av0gb1k//+mvC/AMh//TzT4X6
G6D+S4B8sYcR5gAKBmiAmhAAAMAA5mAQ5id7+cd82ccD68cBoOAO/DAP09B/ALAExJd9+LcReLB+
jlAQ3gAKmnCB19d6/1CAmqAJGJh6A1EG64cHEZh6t6CAr9B60/CCoAB9wnd9PZiCQOgQ86CAPDAP
A+EOKFB/ABAE3hCDqecOFFh/POANQOgOCrgF46d682B9XmgMHFB/AUAF+KcP5mAMTQiARbgQSwAA
AnALA+EN6gcABsAD/2eHtxCD5pCHd+iHt7B7IygA+Hd78/AKCmiHeLh+FQB9/P9wgnXIADzAAOvH
AG2IENOwflvwgJTIAd4wENNQAQDAAcZge6KIAt6get4whhWAgRRIBdkHf/AXgvCnD9OgfjxgDqp3
i0/YgsaAi+InEI6AiwwhihXwiQKhCXYYjM6nfnjgDspoiQWhD/83CPwwhnjghe6wjdy4jebwhf2H
Asy3e7ewfmnYfxwQgvwwggDQgAnhCCRIEEEAADzwgvb4gjQAADTgDfMYBPdoj/nIA/zQhGWgeq/g
hPXXBuZAiVvwj5rgCJQ4CLdAiVTgCP8IkQAwCAmhD7iohAMxhghZfxVgDiAZkhXID29IA79Xjib5
Ct5gkvW3BQcJk+tXBgnRf3H/WBBNWAEosARU8JNAuQRtMJALGARLcJRIeZRDqYwBkIrH143ukIbq
94XrxwNHCZRUcJWvMJNBgJVZqZWYqIm0uAX0OA3MKHxkmYusF30cSY8C6Hvz6IH8QIn3RxD6MA/m
Nw3/pwnRZw6XaBBjyAFnKRAsCQrfOBD6kJW6mIkAAArPZ36JuQQxqIxPiJerpw9vKAC6uI4L6JH/
cJev4JMC8YbS+JlRqQmieRCgAAABsIdQOQ3TMI8BoJCpZwynOBCy2QYxOJEAII6qN39wWAavYA6a
UAZ5GIipR40LuIP8YA54oIA2+Jn/xwClqA/e0AbQiRDAGZK0mY+saQCR6Jn6/7CGAQCelWiZqucI
ieiEDDANwdeH6ycABpCIS0AQdBif87l+sIgQEPl93mcAdfkPg5CHcLgFl8gPbVCHBfqWqTcPbYAC
BhChQfCDwScQ87AE61kBfFkQ8xAEGbqhEqGOGoiXCdGcxuAODKp7B3GX0+CZK+oOLRoRv4d9EnF9
N6iizbcQGNl+xuCXENEG/6eEoNCesziAOcoQZIkCmoCdAnCiD0GDPFCC/6CM03CkGDEPC1il/2AM
AEAF7+cQAlABBKGMXzp7tJh/EXGQZcCMFcABbcgPr/CC1bl71feE2xiFI7iHXxiCaBh9KJp/t/CC
gTgPhxmF1gcKn5iBtuiD7v+oEOXoCFgoENZHEKCgoABQAbeghOxIf2RZfwwQAC7KA6C6hABgk/wA
CgS6nBD6D3qJApSYjRq4hvQXBH9plwHgic+nD21Ig0HQovNwC6LoCH55hK04DyfYf2UACuWokQKh
DwoICgMBj6k4CKOYqYf4qd23pf+3j3eZgwB6fe4wgqWJEIgYAEuggh5ZjlwYfaJ6C9AnAOk4EMoo
h/9QATRgfkwZBNlHAwywpfrIp6LYr78YANCnD+7QfS76DyO4nwnhoJQoAGVgDg1IA01pEM7KA+IH
r/h3kPT6nMHIAxWwBYT4D1jaBvrgoX95kGL6izQgqdRKrwThDhUQAGd6EK//QIm9qg+jOJgCEQQG
8H4GUAEbCwCvIKkZSbIBgAdc+n7KaA7uIAD6ahDmEKb/cAsCUJ9b6qFOC5XhCgBluqJAOA9j6AiZ
GAQ8+w/zV6VBW4QHWbQCwQECCY/iFwCbCLIkCwBtcBDzwABiarVYy5s0Ca0H4Q2a4KQCsZpBgKVL
0KgEsQU0+w9BO7RuK6ABYA48wAGj2YpJKxBluKIMgLmIuJ97ywDXV7rXF4UkehDKOJzmV442yQEM
mLD/IIkCYQAMILnOh7cBwKwHOX/BSAMG4ICZiLmg0LkC0X8J+4XbmBDu0KVOu3tkKX5qCoYD8bK1
O65tSxAoMJXZFwDwOhCrx8mss6gPY4gC/1C864q0WAt/X+gNBhC1CPGGWxCF85e3x+u8jjh/DNt9
+FeOk/sP8Gi+A0GBUioQFFgGvzcNTdh+UwoA6Xu+HSh+1acJDGAAsht988ipBTF/5ZmfmzgQbUoQ
5Qizd1vADeyiKPmd/ycAqGq+L2mTBIGIdmieKHDBBnGCmsC4S9gGWRmxBfEKXzsPP/jDbagP/zuH
W/CTgwB9t/CliOqAg/CTW0DCVlrFVnzFWJzFWrzFXNzFXvzFYBzGYpwRAcEAOw==

------------=_960622044-2175-0--

-----------------------------7d033e3733c--



